Found 1 test(s).
System check identified no issues (0 silenced).
python : E
At line:1 char:1
+ python manage.py 
test core > 
test_output.txt 2>&1 ; 
cat test_output.t ...
+ ~~~~~~~~~~~~~~~~~~~~~
~~~~~~~~~~~~~~~~~~~~~~~
~~~~~
    + CategoryInfo     
         : NotSpecifi  
  ed: (E:String) [],   
  RemoteException
    + FullyQualifiedEr 
   rorId : NativeComm  
  andError
 
=======================
=======================
=======================
=
ERROR: core.tests (unit
test.loader._FailedTest
.core.tests)
-----------------------
-----------------------
-----------------------
-
ImportError: Failed to 
import test module: 
core.tests
Traceback (most recent 
call last):
  File "C:\Program File
s\WindowsApps\PythonSof
twareFoundation.Python.
3.13_3.13.3312.0_x64__q
bz5n2kfra8p0\Lib\unitte
st\loader.py", line 
396, in _find_test_path
    module = self._get_
module_from_name(name)
  File "C:\Program File
s\WindowsApps\PythonSof
twareFoundation.Python.
3.13_3.13.3312.0_x64__q
bz5n2kfra8p0\Lib\unitte
st\loader.py", line 
339, in 
_get_module_from_name
    __import__(name)
    ~~~~~~~~~~^^^^^^
  File "C:\void-platfor
m\backend\core\tests.py
", line 9, in <module>
    from 
ranking.engine import 
calculate_post_score
ImportError: cannot 
import name 
'calculate_post_score' 
from 'ranking.engine' (
C:\void-platform\backen
d\ranking\engine.py)


-----------------------
-----------------------
-----------------------
-
Ran 1 test in 0.000s

FAILED (errors=1)
